=== Starting TradeLink API Tests ===


--- Authentication ---
TEST: Signup Builder...
FAIL
node :   Error: 
Request failed with 
status 404: Not Found
At line:1 char:1
+ node 
tests/run_tests.js > 
test_output.txt 2>&1
+ ~~~~~~~~~~~~~~~~~~~
~~~~~~~~~~~~~~~~~~~~~
~~~~~~
    + CategoryInfo   
           : NotSpe  
  cified: (  Error   
 : Reques... 404:    
 Not Found:Strin    
g) [], RemoteExc    
eption
    + FullyQualified 
   ErrorId : Native  
  CommandError
 
  Response: {}
TEST: Signup Tradesman...
FAIL
  Error: Request 
failed with status 
404: Not Found
  Response: {}
TEST: Login Builder (Success)...
FAIL
  Error: Request 
failed with status 
404: Not Found
TEST: Login Failure (Wrong Password)...
PASS
TEST: Login Failure (Wrong Role)...
  Response: {}
C:\Users\yaksh\Docume
nts\GitHub\TradeLink\
server\tests\run_test
s.js:24
        throw new 
Error(message || 
"Assertion failed");
              ^

Error: Status should 
be 401
    at assert (C:\Use
rs\yaksh\Documents\Gi
tHub\TradeLink\server
\tests\run_tests.js:2
4:15)
    at C:\Users\yaksh
\Documents\GitHub\Tra
deLink\server\tests\r
un_tests.js:111:13
    at process.proces
sTicksAndRejections (
node:internal/process
/task_queues:105:5)
    at async test (C:
\Users\yaksh\Document
s\GitHub\TradeLink\se
rver\tests\run_tests.
js:9:9)
    at async 
runTests (C:\Users\ya
ksh\Documents\GitHub\
TradeLink\server\test
s\run_tests.js:102:5)

Node.js v22.19.0
